2020-10-11 01:03:06 INFO  Runner:75 - Boobis Choobis just logged in
2020-10-11 01:03:26 INFO  Runner:75 - Steven Joben just logged in
2020-10-11 22:25:58 INFO  Runner:75 - Boobis Choobis just logged in
2020-10-12 14:02:50 INFO  Runner:75 - Boobis Choobis just logged in
